init: At 3FFB29C0ï¿½ets Jul 29 2019 12:21:46

rst:0x1 (POWERON_RESET),boot:0x13 (SPI_FAST_FLASH_BOOT)
configsip: 0, SPIWP:0xee
clk_drv:0x00,q_drv:0x00,d_drv:0x00,cs0_drv:0x00,hd_drv:0x00,wp_drv:0x00
mode:DIO, clock div:2
load:0x3fff0030,len:7136
load:0x40078000,len:15780
ho 0 tail 12 room 4
load:0x40080400,len:4
load:0x40080404,len:3884
entry 0x40080650
[0;32mI (31) boot: ESP-IDF v5.2-dev-2590-g62ee4135e0-dirty 2nd stage bootloader[0m
[0;32mI (31) boot: compile time Sep 21 2023 20:02:21[0m
[0;32mI (33) boot: Multicore bootloader[0m
[0;32mI (38) boot: chip revision: v3.0[0m
[0;32mI (41) boot.esp32: SPI Speed      : 40MHz[0m
[0;32mI (46) boot.esp32: SPI Mode       : DIO[0m
[0;32mI (51) boot.esp32: SPI Flash Size : 2MB[0m
[0;32mI (55) boot: Enabling RNG early entropy source...[0m
[0;32mI (61) boot: Partition Table:[0m
[0;32mI (64) boot: ## Label            Usage          Type ST Offset   Length[0m
[0;32mI (71) boot:  0 nvs              WiFi data        01 02 00009000 00006000[0m
[0;32mI (79) boot:  1 phy_init         RF data          01 01 0000f000 00001000[0m
[0;32mI (86) boot:  2 factory          factory app      00 00 00010000 00100000[0m
[0;32mI (94) boot: End of partition table[0m
[0;32mI (98) esp_image: segment 0: paddr=00010020 vaddr=3f400020 size=0a16ch ( 41324) map[0m
[0;32mI (121) esp_image: segment 1: paddr=0001a194 vaddr=3ffb0000 size=02148h (  8520) load[0m
[0;32mI (125) esp_image: segment 2: paddr=0001c2e4 vaddr=40080000 size=03d34h ( 15668) load[0m
[0;32mI (134) esp_image: segment 3: paddr=00020020 vaddr=400d0020 size=14db4h ( 85428) map[0m
[0;32mI (167) esp_image: segment 4: paddr=00034ddc vaddr=40083d34 size=083d4h ( 33748) load[0m
[0;32mI (187) boot: Loaded app from partition at offset 0x10000[0m
[0;32mI (187) boot: Disabling RNG early entropy source...[0m
[0;32mI (198) cpu_start: Multicore app[0m
[0;32mI (199) cpu_start: Pro cpu up.[0m
[0;32mI (199) cpu_start: Starting app cpu, entry point is 0x4008103c[0m
[0;32mI (0) cpu_start: App cpu up.[0m
[0;32mI (217) cpu_start: Pro cpu start user code[0m
[0;32mI (217) cpu_start: cpu freq: 160000000 Hz[0m
[0;32mI (217) cpu_start: Application information:[0m
[0;32mI (222) cpu_start: Project name:     continuous_read[0m
[0;32mI (227) cpu_start: App version:      bc02d36-dirty[0m
[0;32mI (233) cpu_start: Compile time:     Sep 21 2023 20:02:10[0m
[0;32mI (239) cpu_start: ELF file SHA256:  3a2bc04a9...[0m
[0;32mI (244) cpu_start: ESP-IDF:          v5.2-dev-2590-g62ee4135e0-dirty[0m
[0;32mI (251) cpu_start: Min chip rev:     v0.0[0m
[0;32mI (256) cpu_start: Max chip rev:     v3.99 [0m
[0;32mI (261) cpu_start: Chip rev:         v3.0[0m
[0;32mI (266) heap_init: Initializing. RAM available for dynamic allocation:[0m
[0;32mI (273) heap_init: At 3FFAE6E0 len 00001920 (6 KiB): DRAM[0m
[0;32mI (279) heap_init: At 3FFB29C0 len 0002D640 (181 KiB): DRAM[0m
[0;32mI (285) heap_init: At 3FFE0440 len 00003AE0 (14 KiB): D/IRAM[0m
[0;32mI (291) heap_init: At 3FFE4350 len 0001BCB0 (111 KiB): D/IRAM[0m
[0;32mI (298) heap_init: At 4008C108 len 00013EF8 (79 KiB): IRAM[0m
[0;32mI (305) spi_flash: detected chip: generic[0m
[0;32mI (309) spi_flash: flash io: dio[0m
[0;33mW (313) spi_flash: Detected size(4096k) larger than the size in the binary image header(2048k). Using the size in the binary image header.[0m
[0;32mI (326) app_start: Starting scheduler on CPU0[0m
[0;32mI (331) app_start: Starting scheduler on CPU1[0m
[0;32mI (331) main_task: Started on CPU0[0m
[0;32mI (341) main_task: Calling app_main()[0m
[0;32mI (341) RTOS Task: Configured GPIO LED![0m
[0;32mI (341) gpio: GPIO[12]| InputEn: 0| OutputEn: 0| OpenDrain: 0| Pullup: 1| Pulldown: 0| Intr:0 [0m
[0;32mI (351) gpio: GPIO[27]| InputEn: 0| OutputEn: 0| OpenDrain: 0| Pullup: 1| Pulldown: 0| Intr:0 [0m
[0;32mI (361) gpio: GPIO[33]| InputEn: 0| OutputEn: 0| OpenDrain: 0| Pullup: 1| Pulldown: 0| Intr:0 [0m
[0;32mI (371) gpio: GPIO[15]| InputEn: 0| OutputEn: 0| OpenDrain: 0| Pullup: 1| Pulldown: 0| Intr:0 [0m
[0;32mI (381) gpio: GPIO[32]| InputEn: 0| OutputEn: 0| OpenDrain: 0| Pullup: 1| Pulldown: 0| Intr:0 [0m
[0;31mE (5341) task_wdt: Task watchdog got triggered. The following tasks/users did not reset the watchdog in time:[0m
[0;31mE (5341) task_wdt:  - IDLE (CPU 0)[0m
[0;31mE (5341) task_wdt: Tasks currently running:[0m
[0;31mE (5341) task_wdt: CPU 0: floor_touch_tas[0m
[0;31mE (5341) task_wdt: CPU 1: IDLE[0m
[0;31mE (5341) task_wdt: Print CPU 0 (current core) backtrace[0m


Backtrace: 0x400D7D9F:0x3FFB0D10 0x400D7F26:0x3FFB0D30 0x40082F8D:0x3FFB0D50 0x400D52B8:0x3FFB61A0 0x40087C1D:0x3FFB61C0

