276) heap_init: At 3Fï¿½ets Jul 29 2019 12:21:46

rst:0x1 (POWERON_RESET),boot:0x13 (SPI_FAST_FLASH_BOOT)
configsip: 0, SPIWP:0xee
clk_drv:0x00,q_drv:0x00,d_drv:0x00,cs0_drv:0x00,hd_drv:0x00,wp_drv:0x00
mode:DIO, clock div:2
load:0x3fff0030,len:7136
load:0x40078000,len:15780
ho 0 tail 12 room 4
load:0x40080400,len:4
load:0x40080404,len:3884
entry 0x40080650
[0;32mI (31) boot: ESP-IDF v5.2-dev-2590-g62ee4135e0-dirty 2nd stage bootloader[0m
[0;32mI (31) boot: compile time Sep 21 2023 20:02:21[0m
[0;32mI (33) boot: Multicore bootloader[0m
[0;32mI (38) boot: chip revision: v3.0[0m
[0;32mI (41) boot.esp32: SPI Speed      : 40MHz[0m
[0;32mI (46) boot.esp32: SPI Mode       : DIO[0m
[0;32mI (51) boot.esp32: SPI Flash Size : 2MB[0m
[0;32mI (55) boot: Enabling RNG early entropy source...[0m
[0;32mI (61) boot: Partition Table:[0m
[0;32mI (64) boot: ## Label            Usage          Type ST Offset   Length[0m
[0;32mI (71) boot:  0 nvs              WiFi data        01 02 00009000 00006000[0m
[0;32mI (79) boot:  1 phy_init         RF data          01 01 0000f000 00001000[0m
[0;32mI (86) boot:  2 factory          factory app      00 00 00010000 00100000[0m
[0;32mI (94) boot: End of partition table[0m
[0;32mI (98) esp_image: segment 0: paddr=00010020 vaddr=3f400020 size=0a940h ( 43328) map[0m
[0;32mI (122) esp_image: segment 1: paddr=0001a968 vaddr=3ffb0000 size=02148h (  8520) load[0m
[0;32mI (126) esp_image: segment 2: paddr=0001cab8 vaddr=40080000 size=03560h ( 13664) load[0m
[0;32mI (134) esp_image: segment 3: paddr=00020020 vaddr=400d0020 size=15d7ch ( 89468) map[0m
[0;32mI (169) esp_image: segment 4: paddr=00035da4 vaddr=40083560 size=08ba8h ( 35752) load[0m
[0;32mI (190) boot: Loaded app from partition at offset 0x10000[0m
[0;32mI (190) boot: Disabling RNG early entropy source...[0m
[0;32mI (201) cpu_start: Multicore app[0m
[0;32mI (202) cpu_start: Pro cpu up.[0m
[0;32mI (202) cpu_start: Starting app cpu, entry point is 0x4008103c[0m
[0;32mI (0) cpu_start: App cpu up.[0m
[0;32mI (220) cpu_start: Pro cpu start user code[0m
[0;32mI (220) cpu_start: cpu freq: 160000000 Hz[0m
[0;32mI (220) cpu_start: Application information:[0m
[0;32mI (225) cpu_start: Project name:     continuous_read[0m
[0;32mI (230) cpu_start: App version:      bc02d36-dirty[0m
[0;32mI (236) cpu_start: Compile time:     Sep 21 2023 20:02:10[0m
[0;32mI (242) cpu_start: ELF file SHA256:  716f6b7bd...[0m
[0;32mI (247) cpu_start: ESP-IDF:          v5.2-dev-2590-g62ee4135e0-dirty[0m
[0;32mI (254) cpu_start: Min chip rev:     v0.0[0m
[0;32mI (259) cpu_start: Max chip rev:     v3.99 [0m
[0;32mI (264) cpu_start: Chip rev:         v3.0[0m
[0;32mI (269) heap_init: Initializing. RAM available for dynamic allocation:[0m
[0;32mI (276) heap_init: At 3FFAE6E0 len 00001920 (6 KiB): DRAM[0m
[0;32mI (282) heap_init: At 3FFB29C8 len 0002D638 (181 KiB): DRAM[0m
[0;32mI (288) heap_init: At 3FFE0440 len 00003AE0 (14 KiB): D/IRAM[0m
[0;32mI (294) heap_init: At 3FFE4350 len 0001BCB0 (111 KiB): D/IRAM[0m
[0;32mI (301) heap_init: At 4008C108 len 00013EF8 (79 KiB): IRAM[0m
[0;32mI (308) spi_flash: detected chip: generic[0m
[0;32mI (312) spi_flash: flash io: dio[0m
[0;33mW (315) spi_flash: Detected size(4096k) larger than the size in the binary image header(2048k). Using the size in the binary image header.[0m
[0;33mW (329) ADC: legacy driver is deprecated, please migrate to `esp_adc/adc_oneshot.h`[0m
[0;32mI (337) app_start: Starting scheduler on CPU0[0m
[0;32mI (342) app_start: Starting scheduler on CPU1[0m
[0;32mI (342) main_task: Started on CPU0[0m
[0;32mI (352) main_task: Calling app_main()[0m
[0;32mI (352) RTOS Task: Configured GPIO LED![0m
[0;32mI (352) gpio: GPIO[12]| InputEn: 0| OutputEn: 0| OpenDrain: 0| Pullup: 1| Pulldown: 0| Intr:0 [0m
[0;32mI (362) gpio: GPIO[27]| InputEn: 0| OutputEn: 0| OpenDrain: 0| Pullup: 1| Pulldown: 0| Intr:0 [0m
[0;32mI (372) gpio: GPIO[33]| InputEn: 0| OutputEn: 0| OpenDrain: 0| Pullup: 1| Pulldown: 0| Intr:0 [0m
[0;32mI (382) gpio: GPIO[15]| InputEn: 0| OutputEn: 0| OpenDrain: 0| Pullup: 1| Pulldown: 0| Intr:0 [0m
[0;32mI (392) gpio: GPIO[32]| InputEn: 0| OutputEn: 0| OpenDrain: 0| Pullup: 1| Pulldown: 0| Intr:0 [0m
eFuse Two Point: NOT supported
eFuse Vref: Supported
Characterized using eFuse Vref
Raw: 954	Voltage: 925mV
[0;32mI (412) main_task: Returned from app_main()[0m
Raw: 956	Voltage: 927mV
Raw: 954	Voltage: 925mV
Raw: 953	Voltage: 924mV
Raw: 952	Voltage: 924mV
Raw: 954	Voltage: 925mV
Raw: 2	Voltage: 144mV
Raw: 0	Voltage: 142mV
Raw: 2	Voltage: 144mV
Raw: 2	Voltage: 144mV
Raw: 839	Voltage: 831mV
Raw: 1659	Voltage: 1504mV
Raw: 1695	Voltage: 1534mV
Raw: 1838	Voltage: 1651mV
Raw: 1733	Voltage: 1565mV
Raw: 1519	Voltage: 1389mV
Raw: 940	Voltage: 914mV
Raw: 878	Voltage: 863mV
Raw: 879	Voltage: 864mV
Raw: 881	Voltage: 865mV
Raw: 883	Voltage: 867mV
Raw: 885	Voltage: 869mV
Raw: 1214	Voltage: 1139mV
Raw: 1526	Voltage: 1395mV
Raw: 961	Voltage: 931mV
Raw: 1567	Voltage: 1429mV
Raw: 1234	Voltage: 1155mV
Raw: 2457	Voltage: 2159mV
Raw: 2503	Voltage: 2197mV
Raw: 994	Voltage: 958mV
Raw: 999	Voltage: 962mV
Raw: 927	Voltage: 903mV
Raw: 907	Voltage: 887mV
Raw: 913	Voltage: 892mV
Raw: 869	Voltage: 855mV
Raw: 869	Voltage: 855mV
Raw: 858	Voltage: 846mV
Raw: 863	Voltage: 851mV
Raw: 861	Voltage: 849mV
Raw: 863	Voltage: 851mV
Raw: 860	Voltage: 848mV
Raw: 832	Voltage: 825mV
Raw: 835	Voltage: 828mV
Raw: 862	Voltage: 850mV
Raw: 867	Voltage: 854mV
Raw: 864	Voltage: 851mV
Raw: 865	Voltage: 852mV
Raw: 868	Voltage: 855mV
Raw: 869	Voltage: 855mV
Raw: 870	Voltage: 856mV
Raw: 868	Voltage: 855mV
Raw: 870	Voltage: 856mV
Raw: 869	Voltage: 855mV
Raw: 871	Voltage: 857mV
Raw: 872	Voltage: 858mV
Raw: 872	Voltage: 858mV
Raw: 875	Voltage: 860mV
Raw: 874	Voltage: 860mV
Raw: 874	Voltage: 860mV
Raw: 876	Voltage: 861mV
Raw: 873	Voltage: 859mV
Raw: 869	Voltage: 855mV
Raw: 880	Voltage: 864mV
Raw: 883	Voltage: 867mV
Raw: 884	Voltage: 868mV
Raw: 884	Voltage: 868mV
Raw: 887	Voltage: 870mV
Raw: 891	Voltage: 874mV
Raw: 889	Voltage: 872mV
Raw: 891	Voltage: 874mV
Raw: 890	Voltage: 873mV
Raw: 888	Voltage: 871mV
Raw: 889	Voltage: 872mV
Raw: 890	Voltage: 873mV
Raw: 890	Voltage: 873mV
Raw: 890	Voltage: 873mV
Raw: 892	Voltage: 874mV
Raw: 888	Voltage: 871mV
Raw: 889	Voltage: 872mV
Raw: 884	Voltage: 868mV
Raw: 886	Voltage: 869mV
Raw: 885	Voltage: 869mV
