D0 len 0002D63ï¿½ets Jul 29 2019 12:21:46

rst:0x1 (POWERON_RESET),boot:0x13 (SPI_FAST_FLASH_BOOT)
configsip: 0, SPIWP:0xee
clk_drv:0x00,q_drv:0x00,d_drv:0x00,cs0_drv:0x00,hd_drv:0x00,wp_drv:0x00
mode:DIO, clock div:2
load:0x3fff0030,len:7136
load:0x40078000,len:15780
ho 0 tail 12 room 4
load:0x40080400,len:4
load:0x40080404,len:3884
entry 0x40080650
[0;32mI (31) boot: ESP-IDF v5.2-dev-2590-g62ee4135e0-dirty 2nd stage bootloader[0m
[0;32mI (31) boot: compile time Sep 21 2023 20:02:21[0m
[0;32mI (33) boot: Multicore bootloader[0m
[0;32mI (38) boot: chip revision: v3.0[0m
[0;32mI (41) boot.esp32: SPI Speed      : 40MHz[0m
[0;32mI (46) boot.esp32: SPI Mode       : DIO[0m
[0;32mI (51) boot.esp32: SPI Flash Size : 2MB[0m
[0;32mI (55) boot: Enabling RNG early entropy source...[0m
[0;32mI (61) boot: Partition Table:[0m
[0;32mI (64) boot: ## Label            Usage          Type ST Offset   Length[0m
[0;32mI (71) boot:  0 nvs              WiFi data        01 02 00009000 00006000[0m
[0;32mI (79) boot:  1 phy_init         RF data          01 01 0000f000 00001000[0m
[0;32mI (86) boot:  2 factory          factory app      00 00 00010000 00100000[0m
[0;32mI (94) boot: End of partition table[0m
[0;32mI (98) esp_image: segment 0: paddr=00010020 vaddr=3f400020 size=0ab10h ( 43792) map[0m
[0;32mI (122) esp_image: segment 1: paddr=0001ab38 vaddr=3ffb0000 size=02148h (  8520) load[0m
[0;32mI (126) esp_image: segment 2: paddr=0001cc88 vaddr=40080000 size=03390h ( 13200) load[0m
[0;32mI (134) esp_image: segment 3: paddr=00020020 vaddr=400d0020 size=169e0h ( 92640) map[0m
[0;32mI (170) esp_image: segment 4: paddr=00036a08 vaddr=40083390 size=08f24h ( 36644) load[0m
[0;32mI (192) boot: Loaded app from partition at offset 0x10000[0m
[0;32mI (192) boot: Disabling RNG early entropy source...[0m
[0;32mI (203) cpu_start: Multicore app[0m
[0;32mI (204) cpu_start: Pro cpu up.[0m
[0;32mI (204) cpu_start: Starting app cpu, entry point is 0x40081044[0m
[0;32mI (0) cpu_start: App cpu up.[0m
[0;32mI (221) cpu_start: Pro cpu start user code[0m
[0;32mI (222) cpu_start: cpu freq: 160000000 Hz[0m
[0;32mI (222) cpu_start: Application information:[0m
[0;32mI (226) cpu_start: Project name:     continuous_read[0m
[0;32mI (232) cpu_start: App version:      bc02d36-dirty[0m
[0;32mI (237) cpu_start: Compile time:     Sep 21 2023 20:02:10[0m
[0;32mI (244) cpu_start: ELF file SHA256:  1c8949486...[0m
[0;32mI (249) cpu_start: ESP-IDF:          v5.2-dev-2590-g62ee4135e0-dirty[0m
[0;32mI (256) cpu_start: Min chip rev:     v0.0[0m
[0;32mI (261) cpu_start: Max chip rev:     v3.99 [0m
[0;32mI (265) cpu_start: Chip rev:         v3.0[0m
[0;32mI (270) heap_init: Initializing. RAM available for dynamic allocation:[0m
[0;32mI (278) heap_init: At 3FFAE6E0 len 00001920 (6 KiB): DRAM[0m
[0;32mI (283) heap_init: At 3FFB29D0 len 0002D630 (181 KiB): DRAM[0m
[0;32mI (290) heap_init: At 3FFE0440 len 00003AE0 (14 KiB): D/IRAM[0m
[0;32mI (296) heap_init: At 3FFE4350 len 0001BCB0 (111 KiB): D/IRAM[0m
[0;32mI (302) heap_init: At 4008C2B4 len 00013D4C (79 KiB): IRAM[0m
[0;32mI (310) spi_flash: detected chip: generic[0m
[0;32mI (313) spi_flash: flash io: dio[0m
[0;33mW (317) spi_flash: Detected size(4096k) larger than the size in the binary image header(2048k). Using the size in the binary image header.[0m
[0;33mW (330) ADC: legacy driver is deprecated, please migrate to `esp_adc/adc_oneshot.h`[0m
[0;32mI (339) app_start: Starting scheduler on CPU0[0m
[0;32mI (344) app_start: Starting scheduler on CPU1[0m
[0;32mI (344) main_task: Started on CPU0[0m
[0;32mI (354) main_task: Calling app_main()[0m
[0;32mI (354) RTOS Task: Configured GPIO LED![0m
[0;32mI (354) gpio: GPIO[12]| InputEn: 0| OutputEn: 0| OpenDrain: 0| Pullup: 1| Pulldown: 0| Intr:0 [0m
[0;32mI (364) gpio: GPIO[27]| InputEn: 0| OutputEn: 0| OpenDrain: 0| Pullup: 1| Pulldown: 0| Intr:0 [0m
[0;32mI (374) gpio: GPIO[33]| InputEn: 0| OutputEn: 0| OpenDrain: 0| Pullup: 1| Pulldown: 0| Intr:0 [0m
[0;32mI (384) gpio: GPIO[15]| InputEn: 0| OutputEn: 0| OpenDrain: 0| Pullup: 1| Pulldown: 0| Intr:0 [0m
[0;32mI (394) gpio: GPIO[32]| InputEn: 0| OutputEn: 0| OpenDrain: 0| Pullup: 1| Pulldown: 0| Intr:0 [0m
[0;32mI (404) gpio: GPIO[32]| InputEn: 1| OutputEn: 0| OpenDrain: 0| Pullup: 1| Pulldown: 1| Intr:1 [0m
eFuse Two Point: NOT supported
eFuse Vref: Supported
Characterized using eFuse Vref
Raw: 1893	Temperature: 19.200029F
eFuse Two Point: NOT supported
eFuse Vref: Supported
Characterized using eFuse Vref
Raw: 909	Voltage: 888mV
Raw: 1890	Temperature: 19.258733F
Raw: 1020	Voltage: 979mV
Raw: 1895	Temperature: 19.141328F
Raw: 932	Voltage: 907mV
Raw: 1901	Temperature: 18.994585F
Raw: 990	Voltage: 955mV
Raw: 1901	Temperature: 18.994585F
Raw: 1028	Voltage: 986mV
Raw: 1900	Temperature: 19.023933F
Raw: 603	Voltage: 637mV
Raw: 1903	Temperature: 18.965238F
Raw: 787	Voltage: 788mV
Raw: 1906	Temperature: 18.877201F
Raw: 753	Voltage: 760mV
Raw: 1904	Temperature: 18.935892F
Raw: 474	Voltage: 531mV
Raw: 1910	Temperature: 18.789166F
Raw: 626	Voltage: 656mV
Raw: 1903	Temperature: 18.965238F
Raw: 440	Voltage: 503mV
Raw: 1906	Temperature: 18.877201F
Raw: 349	Voltage: 429mV
Raw: 1903	Temperature: 18.965238F
Raw: 851	Voltage: 841mV
Raw: 1904	Temperature: 18.935892F
Raw: 382	Voltage: 456mV
Raw: 1917	Temperature: 18.613105F
Raw: 1027	Voltage: 985mV
Raw: 1907	Temperature: 18.847856F
Raw: 1040	Voltage: 996mV
Raw: 1910	Temperature: 18.789166F
Raw: 582	Voltage: 620mV
Raw: 1907	Temperature: 18.847856F
Raw: 882	Voltage: 866mV
Raw: 1912	Temperature: 18.730478F
Raw: 876	Voltage: 861mV
